[     999ms] [VERBOSE] [DOM] Input elements should have autocomplete attributes (suggested: "current-password"): (More info: https://goo.gl/9p2vKq) @ https://testclaw.oceancute.cn/login:0
[    1057ms] [ERROR] Failed to load resource: the server responded with a status of 404 () @ https://testclaw.oceancute.cn/favicon.ico:0
[ 3600589ms] [LOG] [vite] server connection lost. Polling for restart... @ https://testclaw.oceancute.cn/@vite/client:963
[ 3909206ms] [LOG] [vite] server connection lost. Polling for restart... @ https://testclaw.oceancute.cn/@vite/client:963
[ 3909897ms] [ERROR] Failed to load resource: the server responded with a status of 401 () @ https://testclaw.oceancute.cn/api/v1/dashboard/stats:0
[ 3909924ms] [ERROR] Failed to load resource: the server responded with a status of 401 () @ https://testclaw.oceancute.cn/api/v1/auth/me:0
[ 3909957ms] [WARNING] [Vue warn]: Unhandled error during execution of mounted hook 
  at <AdminLayout onVnodeUnmounted=fn<onVnodeUnmounted> ref=Ref< Proxy(Object) > > 
  at <RouterView> 
  at <App> @ https://testclaw.oceancute.cn/node_modules/.vite/deps/chunk-S5ZFOAR2.js?v=9bdc3078:2214
[ 3909999ms] AxiosError: Request failed with status code 401
    at settle (https://testclaw.oceancute.cn/node_modules/.vite/deps/axios.js?v=b1bcc74e:1358:7)
    at XMLHttpRequest.onloadend (https://testclaw.oceancute.cn/node_modules/.vite/deps/axios.js?v=b1bcc74e:1742:7)
    at Axios.request (https://testclaw.oceancute.cn/node_modules/.vite/deps/axios.js?v=b1bcc74e:2398:41)
    at async Proxy.fetchMe (https://testclaw.oceancute.cn/src/stores/auth.ts:25:24)
    at async https://testclaw.oceancute.cn/src/layouts/AdminLayout.vue:13:9
[ 3910446ms] [VERBOSE] [DOM] Input elements should have autocomplete attributes (suggested: "current-password"): (More info: https://goo.gl/9p2vKq) @ https://testclaw.oceancute.cn/login:0
[10670368ms] [LOG] [vite] server connection lost. Polling for restart... @ https://testclaw.oceancute.cn/@vite/client:963
[10671274ms] [VERBOSE] [DOM] Input elements should have autocomplete attributes (suggested: "current-password"): (More info: https://goo.gl/9p2vKq) @ https://testclaw.oceancute.cn/login:0
[13862988ms] [LOG] [vite] server connection lost. Polling for restart... @ https://testclaw.oceancute.cn/@vite/client:963
[13863301ms] [ERROR] WebSocket connection to 'wss://testclaw.oceancute.cn/' failed: Error during WebSocket handshake: Unexpected response code: 502 @ https://testclaw.oceancute.cn/@vite/client:1034
[13864377ms] [ERROR] WebSocket connection to 'wss://testclaw.oceancute.cn/' failed: Error during WebSocket handshake: Unexpected response code: 502 @ https://testclaw.oceancute.cn/@vite/client:1034
[13865424ms] [ERROR] WebSocket connection to 'wss://testclaw.oceancute.cn/' failed: Error during WebSocket handshake: Unexpected response code: 502 @ https://testclaw.oceancute.cn/@vite/client:1034
[13866468ms] [ERROR] WebSocket connection to 'wss://testclaw.oceancute.cn/' failed: Error during WebSocket handshake: Unexpected response code: 502 @ https://testclaw.oceancute.cn/@vite/client:1034
[13867514ms] [ERROR] WebSocket connection to 'wss://testclaw.oceancute.cn/' failed: Error during WebSocket handshake: Unexpected response code: 502 @ https://testclaw.oceancute.cn/@vite/client:1034
[13868567ms] [ERROR] WebSocket connection to 'wss://testclaw.oceancute.cn/' failed: Error during WebSocket handshake: Unexpected response code: 502 @ https://testclaw.oceancute.cn/@vite/client:1034
[13869621ms] [ERROR] WebSocket connection to 'wss://testclaw.oceancute.cn/' failed: Error during WebSocket handshake: Unexpected response code: 502 @ https://testclaw.oceancute.cn/@vite/client:1034
[13870684ms] [ERROR] WebSocket connection to 'wss://testclaw.oceancute.cn/' failed: Error during WebSocket handshake: Unexpected response code: 502 @ https://testclaw.oceancute.cn/@vite/client:1034
[13881509ms] [ERROR] Failed to load resource: the server responded with a status of 500 () @ https://testclaw.oceancute.cn/src/pages/HistoryPage.vue:0
[13976334ms] [LOG] [vite] server connection lost. Polling for restart... @ https://testclaw.oceancute.cn/@vite/client:963
[13976381ms] [ERROR] WebSocket connection to 'wss://testclaw.oceancute.cn/' failed: Error during WebSocket handshake: Unexpected response code: 502 @ https://testclaw.oceancute.cn/@vite/client:1034
[13977454ms] [ERROR] WebSocket connection to 'wss://testclaw.oceancute.cn/' failed: Error during WebSocket handshake: Unexpected response code: 502 @ https://testclaw.oceancute.cn/@vite/client:1034
[13978502ms] [ERROR] WebSocket connection to 'wss://testclaw.oceancute.cn/' failed: Error during WebSocket handshake: Unexpected response code: 502 @ https://testclaw.oceancute.cn/@vite/client:1034
[13984846ms] [VERBOSE] [DOM] Input elements should have autocomplete attributes (suggested: "current-password"): (More info: https://goo.gl/9p2vKq) @ https://testclaw.oceancute.cn/login:0
